{"id":1,"kind":"create","who":"Host","room":"PAL1781086652911A","ts":1781086652}
{"id":2,"kind":"join","who":"Listener","room":"PAL1781086652911A","ts":1781086652}
{"id":3,"kind":"leave","who":"Host","room":"PAL1781086652911A","ts":1781086652}
{"id":4,"kind":"leave","who":"Listener","room":"PAL1781086652911A","ts":1781086652}
{"id":5,"kind":"create","who":"Host","room":"PAL1781086652917B","ts":1781086652}
{"id":6,"kind":"join","who":"Listener","room":"PAL1781086652917B","ts":1781086652}
{"id":7,"kind":"join","who":"Late listener","room":"PAL1781086652917B","ts":1781086653}
{"id":8,"kind":"leave","who":"Host","room":"PAL1781086652917B","ts":1781086653}
{"id":9,"kind":"leave","who":"Listener","room":"PAL1781086652917B","ts":1781086653}
{"id":10,"kind":"leave","who":"Late listener","room":"PAL1781086652917B","ts":1781086653}
{"id":11,"kind":"create","who":"Host","room":"RFRSH1","ts":1781086653}
{"id":12,"kind":"join","who":"Listener","room":"RFRSH1","ts":1781086653}
{"id":13,"kind":"join","who":"Listener","room":"RFRSH1","ts":1781086653}
{"id":14,"kind":"leave","who":"Listener","room":"RFRSH1","ts":1781086653}
{"id":15,"kind":"leave","who":"Host","room":"RFRSH1","ts":1781086653}
{"id":1,"kind":"create","who":"Host","room":"PAL1781086683223A","ts":1781086683}
{"id":2,"kind":"join","who":"Listener","room":"PAL1781086683223A","ts":1781086683}
{"id":3,"kind":"leave","who":"Host","room":"PAL1781086683223A","ts":1781086683}
{"id":4,"kind":"leave","who":"Listener","room":"PAL1781086683223A","ts":1781086683}
{"id":5,"kind":"create","who":"Host","room":"PAL1781086683229B","ts":1781086683}
{"id":6,"kind":"join","who":"Listener","room":"PAL1781086683229B","ts":1781086683}
{"id":7,"kind":"join","who":"Late listener","room":"PAL1781086683229B","ts":1781086683}
{"id":8,"kind":"leave","who":"Host","room":"PAL1781086683229B","ts":1781086683}
{"id":9,"kind":"leave","who":"Listener","room":"PAL1781086683229B","ts":1781086683}
{"id":11,"kind":"create","who":"Host","room":"RFRSH1","ts":1781086683}
{"id":10,"kind":"leave","who":"Late listener","room":"PAL1781086683229B","ts":1781086683}
{"id":12,"kind":"join","who":"Listener","room":"RFRSH1","ts":1781086683}
{"id":13,"kind":"join","who":"Listener","room":"RFRSH1","ts":1781086683}
{"id":14,"kind":"leave","who":"Listener","room":"RFRSH1","ts":1781086683}
{"id":15,"kind":"leave","who":"Host","room":"RFRSH1","ts":1781086683}
{"id":1,"kind":"create","who":"Host","room":"PAL1781087250629A","ts":1781087250}
{"id":2,"kind":"join","who":"Listener","room":"PAL1781087250629A","ts":1781087250}
{"id":3,"kind":"leave","who":"Host","room":"PAL1781087250629A","ts":1781087250}
{"id":4,"kind":"leave","who":"Listener","room":"PAL1781087250629A","ts":1781087250}
{"id":5,"kind":"create","who":"Host","room":"PAL1781087250636B","ts":1781087250}
{"id":6,"kind":"join","who":"Listener","room":"PAL1781087250636B","ts":1781087250}
{"id":7,"kind":"join","who":"Late listener","room":"PAL1781087250636B","ts":1781087250}
{"id":9,"kind":"leave","who":"Listener","room":"PAL1781087250636B","ts":1781087250}
{"id":8,"kind":"leave","who":"Host","room":"PAL1781087250636B","ts":1781087250}
{"id":10,"kind":"leave","who":"Late listener","room":"PAL1781087250636B","ts":1781087250}
{"id":11,"kind":"create","who":"Host","room":"RFRSH1","ts":1781087250}
{"id":12,"kind":"join","who":"Listener","room":"RFRSH1","ts":1781087250}
{"id":13,"kind":"join","who":"Listener","room":"RFRSH1","ts":1781087250}
{"id":14,"kind":"leave","who":"Listener","room":"RFRSH1","ts":1781087251}
{"id":15,"kind":"leave","who":"Host","room":"RFRSH1","ts":1781087251}
